
Running 36 tests using 1 worker

(node:54284) Warning: The 'NO_COLOR' env is ignored due to the 'FORCE_COLOR' env being set.
(Use `node --trace-warnings ...` to show where the warning was created)
  ok  1 [chromium] › tests\e2e\sys404-convthank-gate8.spec.ts:29:1 › Chromium and Firefox preserve the real 404 and guarded thank-you route contract (1.8s)
  ok  2 [chromium] › tests\e2e\sys404-convthank-gate8.spec.ts:44:3 › SYS-404 approved recovery contract at 1440px (1.5s)
  ok  3 [chromium] › tests\e2e\sys404-convthank-gate8.spec.ts:44:3 › SYS-404 approved recovery contract at 768px (1.4s)
  ok  4 [chromium] › tests\e2e\sys404-convthank-gate8.spec.ts:44:3 › SYS-404 approved recovery contract at 390px (1.4s)
  ok  5 [chromium] › tests\e2e\sys404-convthank-gate8.spec.ts:90:3 › CONV-THANK direct state at 1440px (1.4s)
  ok  6 [chromium] › tests\e2e\sys404-convthank-gate8.spec.ts:90:3 › CONV-THANK quote state at 1440px (1.4s)
  ok  7 [chromium] › tests\e2e\sys404-convthank-gate8.spec.ts:90:3 › CONV-THANK documents state at 1440px (1.4s)
  ok  8 [chromium] › tests\e2e\sys404-convthank-gate8.spec.ts:90:3 › CONV-THANK sample state at 1440px (1.4s)
  ok  9 [chromium] › tests\e2e\sys404-convthank-gate8.spec.ts:90:3 › CONV-THANK direct state at 768px (1.3s)
  ok 10 [chromium] › tests\e2e\sys404-convthank-gate8.spec.ts:90:3 › CONV-THANK quote state at 768px (1.4s)
  ok 11 [chromium] › tests\e2e\sys404-convthank-gate8.spec.ts:90:3 › CONV-THANK documents state at 768px (1.4s)
  ok 12 [chromium] › tests\e2e\sys404-convthank-gate8.spec.ts:90:3 › CONV-THANK sample state at 768px (1.4s)
  ok 13 [chromium] › tests\e2e\sys404-convthank-gate8.spec.ts:90:3 › CONV-THANK direct state at 390px (1.3s)
  ok 14 [chromium] › tests\e2e\sys404-convthank-gate8.spec.ts:90:3 › CONV-THANK quote state at 390px (1.3s)
  ok 15 [chromium] › tests\e2e\sys404-convthank-gate8.spec.ts:90:3 › CONV-THANK documents state at 390px (1.4s)
  ok 16 [chromium] › tests\e2e\sys404-convthank-gate8.spec.ts:90:3 › CONV-THANK sample state at 390px (1.3s)
  ok 17 [chromium] › tests\e2e\sys404-convthank-gate8.spec.ts:113:1 › CONV-THANK rejects stale, mismatched, duplicated, legacy, malformed and markerless claims (5.4s)
  ok 18 [chromium] › tests\e2e\sys404-convthank-gate8.spec.ts:140:1 › valid routes and controlled sitemap remain distinct from SYS-404 and CONV-THANK (58ms)
(node:18528) Warning: The 'NO_COLOR' env is ignored due to the 'FORCE_COLOR' env being set.
(Use `node --trace-warnings ...` to show where the warning was created)
  ok 19 [firefox] › tests\e2e\sys404-convthank-gate8.spec.ts:29:1 › Chromium and Firefox preserve the real 404 and guarded thank-you route contract (4.7s)
  -  20 [firefox] › tests\e2e\sys404-convthank-gate8.spec.ts:44:3 › SYS-404 approved recovery contract at 1440px
  -  21 [firefox] › tests\e2e\sys404-convthank-gate8.spec.ts:44:3 › SYS-404 approved recovery contract at 768px
  -  22 [firefox] › tests\e2e\sys404-convthank-gate8.spec.ts:44:3 › SYS-404 approved recovery contract at 390px
  -  23 [firefox] › tests\e2e\sys404-convthank-gate8.spec.ts:90:3 › CONV-THANK direct state at 1440px
  -  24 [firefox] › tests\e2e\sys404-convthank-gate8.spec.ts:90:3 › CONV-THANK quote state at 1440px
  -  25 [firefox] › tests\e2e\sys404-convthank-gate8.spec.ts:90:3 › CONV-THANK documents state at 1440px
  -  26 [firefox] › tests\e2e\sys404-convthank-gate8.spec.ts:90:3 › CONV-THANK sample state at 1440px
  -  27 [firefox] › tests\e2e\sys404-convthank-gate8.spec.ts:90:3 › CONV-THANK direct state at 768px
  -  28 [firefox] › tests\e2e\sys404-convthank-gate8.spec.ts:90:3 › CONV-THANK quote state at 768px
  -  29 [firefox] › tests\e2e\sys404-convthank-gate8.spec.ts:90:3 › CONV-THANK documents state at 768px
  -  30 [firefox] › tests\e2e\sys404-convthank-gate8.spec.ts:90:3 › CONV-THANK sample state at 768px
  -  31 [firefox] › tests\e2e\sys404-convthank-gate8.spec.ts:90:3 › CONV-THANK direct state at 390px
  -  32 [firefox] › tests\e2e\sys404-convthank-gate8.spec.ts:90:3 › CONV-THANK quote state at 390px
  -  33 [firefox] › tests\e2e\sys404-convthank-gate8.spec.ts:90:3 › CONV-THANK documents state at 390px
  -  34 [firefox] › tests\e2e\sys404-convthank-gate8.spec.ts:90:3 › CONV-THANK sample state at 390px
  -  35 [firefox] › tests\e2e\sys404-convthank-gate8.spec.ts:113:1 › CONV-THANK rejects stale, mismatched, duplicated, legacy, malformed and markerless claims
  -  36 [firefox] › tests\e2e\sys404-convthank-gate8.spec.ts:140:1 › valid routes and controlled sitemap remain distinct from SYS-404 and CONV-THANK

  17 skipped
  19 passed (41.7s)
