
Running 18 tests using 1 worker

(node:48472) Warning: The 'NO_COLOR' env is ignored due to the 'FORCE_COLOR' env being set.
(Use `node --trace-warnings ...` to show where the warning was created)
  ok  1 [chromium] › tests\e2e\app000-gate8.spec.ts:21:3 › APP-000 approved reading sequence at desktop-1440 (1.7s)
  ok  2 [chromium] › tests\e2e\app000-gate8.spec.ts:21:3 › APP-000 approved reading sequence at tablet-768 (1.6s)
  ok  3 [chromium] › tests\e2e\app000-gate8.spec.ts:21:3 › APP-000 approved reading sequence at mobile-390 (1.4s)
  ok  4 [chromium] › tests\e2e\app000-gate8.spec.ts:41:1 › APP-000 head, schema and public projection stay clean (771ms)
  ok  5 [chromium] › tests\e2e\app000-gate8.spec.ts:55:1 › all 30 Grade occurrences resolve to the approved 14 live destinations (868ms)
  ok  6 [chromium] › tests\e2e\app000-gate8.spec.ts:67:1 › mobile menu, same-page navigation and cookie settings remain operable (1.1s)
  ok  7 [chromium] › tests\e2e\app000-gate8.spec.ts:82:1 › mobile disclosures start closed, open by pointer and keyboard, and expose all 30 Grades (1.1s)
  ok  8 [chromium] › tests\e2e\app000-gate8.spec.ts:98:1 › category and support links expose the nine approved exact accessible names and preserve Back navigation (2.7s)
  ok  9 [chromium] › tests\e2e\app000-gate8.spec.ts:114:1 › RFQ handoff keeps a clean URL and sends private APP-000 attribution without preselecting buyer fields (1.1s)
(node:13856) Warning: The 'NO_COLOR' env is ignored due to the 'FORCE_COLOR' env being set.
(Use `node --trace-warnings ...` to show where the warning was created)
  ok 10 [firefox] › tests\e2e\app000-gate8.spec.ts:21:3 › APP-000 approved reading sequence at desktop-1440 (2.6s)
  ok 11 [firefox] › tests\e2e\app000-gate8.spec.ts:21:3 › APP-000 approved reading sequence at tablet-768 (1.7s)
  ok 12 [firefox] › tests\e2e\app000-gate8.spec.ts:21:3 › APP-000 approved reading sequence at mobile-390 (1.7s)
  ok 13 [firefox] › tests\e2e\app000-gate8.spec.ts:41:1 › APP-000 head, schema and public projection stay clean (1.0s)
  ok 14 [firefox] › tests\e2e\app000-gate8.spec.ts:55:1 › all 30 Grade occurrences resolve to the approved 14 live destinations (1.1s)
  ok 15 [firefox] › tests\e2e\app000-gate8.spec.ts:67:1 › mobile menu, same-page navigation and cookie settings remain operable (1.2s)
  ok 16 [firefox] › tests\e2e\app000-gate8.spec.ts:82:1 › mobile disclosures start closed, open by pointer and keyboard, and expose all 30 Grades (1.3s)
  ok 17 [firefox] › tests\e2e\app000-gate8.spec.ts:98:1 › category and support links expose the nine approved exact accessible names and preserve Back navigation (3.7s)
  ok 18 [firefox] › tests\e2e\app000-gate8.spec.ts:114:1 › RFQ handoff keeps a clean URL and sends private APP-000 attribution without preselecting buyer fields (1.6s)

  18 passed (30.3s)
