
Running 14 tests using 1 worker

(node:56332) Warning: The 'NO_COLOR' env is ignored due to the 'FORCE_COLOR' env being set.
(Use `node --trace-warnings ...` to show where the warning was created)
  ok  1 [chromium] › tests\e2e\app000-gate8.spec.ts:14:3 › APP-000 approved reading sequence at desktop-1440 (1.8s)
  ok  2 [chromium] › tests\e2e\app000-gate8.spec.ts:14:3 › APP-000 approved reading sequence at tablet-768 (1.6s)
  ok  3 [chromium] › tests\e2e\app000-gate8.spec.ts:14:3 › APP-000 approved reading sequence at mobile-390 (1.6s)
  ok  4 [chromium] › tests\e2e\app000-gate8.spec.ts:32:1 › APP-000 head, schema and public projection stay clean (784ms)
  ok  5 [chromium] › tests\e2e\app000-gate8.spec.ts:46:1 › all 30 Grade occurrences resolve to the approved 14 live destinations (1.0s)
  ok  6 [chromium] › tests\e2e\app000-gate8.spec.ts:58:1 › mobile menu, same-page navigation and cookie settings remain operable (1.1s)
  ok  7 [chromium] › tests\e2e\app000-gate8.spec.ts:73:1 › RFQ handoff keeps a clean URL and sends private APP-000 attribution without preselecting buyer fields (1.1s)
(node:77180) Warning: The 'NO_COLOR' env is ignored due to the 'FORCE_COLOR' env being set.
(Use `node --trace-warnings ...` to show where the warning was created)
  ok  8 [firefox] › tests\e2e\app000-gate8.spec.ts:14:3 › APP-000 approved reading sequence at desktop-1440 (2.6s)
  ok  9 [firefox] › tests\e2e\app000-gate8.spec.ts:14:3 › APP-000 approved reading sequence at tablet-768 (2.1s)
  ok 10 [firefox] › tests\e2e\app000-gate8.spec.ts:14:3 › APP-000 approved reading sequence at mobile-390 (2.0s)
  ok 11 [firefox] › tests\e2e\app000-gate8.spec.ts:32:1 › APP-000 head, schema and public projection stay clean (1.1s)
  ok 12 [firefox] › tests\e2e\app000-gate8.spec.ts:46:1 › all 30 Grade occurrences resolve to the approved 14 live destinations (1.3s)
  ok 13 [firefox] › tests\e2e\app000-gate8.spec.ts:58:1 › mobile menu, same-page navigation and cookie settings remain operable (1.3s)
  ok 14 [firefox] › tests\e2e\app000-gate8.spec.ts:73:1 › RFQ handoff keeps a clean URL and sends private APP-000 attribution without preselecting buyer fields (1.5s)

  14 passed (23.3s)
