
Running 22 tests using 1 worker

(node:36768) Warning: The 'NO_COLOR' env is ignored due to the 'FORCE_COLOR' env being set.
(Use `node --trace-warnings ...` to show where the warning was created)
  ok  1 [chromium] › tests\e2e\app000-gate8.spec.ts:38:3 › APP-000 approved reading sequence at desktop-1440 (2.0s)
  ok  2 [chromium] › tests\e2e\app000-gate8.spec.ts:38:3 › APP-000 approved reading sequence at tablet-768 (1.7s)
  ok  3 [chromium] › tests\e2e\app000-gate8.spec.ts:38:3 › APP-000 approved reading sequence at mobile-390 (1.7s)
  ok  4 [chromium] › tests\e2e\app000-gate8.spec.ts:58:1 › APP-000 head, schema and public projection stay clean (791ms)
  ok  5 [chromium] › tests\e2e\app000-gate8.spec.ts:72:1 › APP and RFQ buyer-delivered surfaces contain no internal identities (1.5s)
  ok  6 [chromium] › tests\e2e\app000-gate8.spec.ts:81:1 › shared Chrome RFQ links navigate cleanly and record only opaque server context (4.7s)
  ok  7 [chromium] › tests\e2e\app000-gate8.spec.ts:100:1 › all 30 Grade occurrences resolve to the approved 14 live destinations (849ms)
  ok  8 [chromium] › tests\e2e\app000-gate8.spec.ts:112:1 › mobile menu, same-page navigation and cookie settings remain operable (1.1s)
  ok  9 [chromium] › tests\e2e\app000-gate8.spec.ts:127:1 › mobile disclosures start closed, open by pointer and keyboard, and expose all 30 Grades (1.1s)
  ok 10 [chromium] › tests\e2e\app000-gate8.spec.ts:143:1 › category and support links expose the nine approved exact accessible names and preserve Back navigation (2.7s)
  ok 11 [chromium] › tests\e2e\app000-gate8.spec.ts:159:1 › RFQ handoff keeps a clean URL and sends private APP-000 attribution without preselecting buyer fields (1.0s)
(node:69908) Warning: The 'NO_COLOR' env is ignored due to the 'FORCE_COLOR' env being set.
(Use `node --trace-warnings ...` to show where the warning was created)
  ok 12 [firefox] › tests\e2e\app000-gate8.spec.ts:38:3 › APP-000 approved reading sequence at desktop-1440 (2.7s)
  ok 13 [firefox] › tests\e2e\app000-gate8.spec.ts:38:3 › APP-000 approved reading sequence at tablet-768 (1.9s)
  ok 14 [firefox] › tests\e2e\app000-gate8.spec.ts:38:3 › APP-000 approved reading sequence at mobile-390 (1.7s)
  ok 15 [firefox] › tests\e2e\app000-gate8.spec.ts:58:1 › APP-000 head, schema and public projection stay clean (956ms)
  ok 16 [firefox] › tests\e2e\app000-gate8.spec.ts:72:1 › APP and RFQ buyer-delivered surfaces contain no internal identities (1.9s)
  ok 17 [firefox] › tests\e2e\app000-gate8.spec.ts:81:1 › shared Chrome RFQ links navigate cleanly and record only opaque server context (5.5s)
  ok 18 [firefox] › tests\e2e\app000-gate8.spec.ts:100:1 › all 30 Grade occurrences resolve to the approved 14 live destinations (1.1s)
  ok 19 [firefox] › tests\e2e\app000-gate8.spec.ts:112:1 › mobile menu, same-page navigation and cookie settings remain operable (1.2s)
  ok 20 [firefox] › tests\e2e\app000-gate8.spec.ts:127:1 › mobile disclosures start closed, open by pointer and keyboard, and expose all 30 Grades (1.2s)
  ok 21 [firefox] › tests\e2e\app000-gate8.spec.ts:143:1 › category and support links expose the nine approved exact accessible names and preserve Back navigation (4.1s)
  ok 22 [firefox] › tests\e2e\app000-gate8.spec.ts:159:1 › RFQ handoff keeps a clean URL and sends private APP-000 attribution without preselecting buyer fields (1.4s)

  22 passed (45.1s)
